
> policlinico-2demayo@0.0.0 build
> npm run build:sistema && npm run build:public


> policlinico-2demayo@0.0.0 build:sistema
> vite build

[36mvite v7.1.5 [32mbuilding for production...[36m[39m
transforming...
[32mÔ£ô[39m 2254 modules transformed.
node.exe : [33mGenerated an empty chunk: "vendor-pkg-cookie".[39m
En línea: 1 Carácter: 1
+ & "C:\Program Files\nodejs/node.exe" "C:\Program Files\nodejs/node_mo ...
+ ~~~~~~~~~~~~~~~~~~~~~~~~~~~~~~~~~~~~~~~~~~~~~~~~~~~~~~~~~~~~~~~~~~~~~
    + CategoryInfo          : NotSpecified: ([33mGenerated ...g-cookie".[39m 
   :String) [], RemoteException
    + FullyQualifiedErrorId : NativeCommandError
 
[33mGenerated an empty chunk: "vendor-pkg-react-is".[39m
[33mGenerated an empty chunk: "vendor-pkg-set-cookie-parser".[39m
[33mGenerated an empty chunk: "vendor-pkg-tiny-invariant".[39m
rendering chunks...
computing gzip size...
[2mdist/[22m[32mindex.html                                                   [39m[1m[2m  1.28 kB[22m[1m[22m[2m Ôöé gzip:   0.49 kB[22m
[2mdist/[22m[35massets/PanelMedicoPage-CNrbzX5K.css                          [39m[1m[2m  1.56 kB[22m[1m[22m[2m Ôöé gzip:   0.57 kB[22m
[2mdist/[22m[35massets/vendor-pkg-react-calendar-DDKpoaqD.css                [39m[1m[2m  2.75 kB[22m[1m[22m[2m Ôöé gzip:   0.75 kB[22m
[2mdist/[22m[35massets/index-CFQMDbOb.css                                    [39m[1m[2m139.45 kB[22m[1m[22m[2m Ôöé gzip:  19.89 kB[22m
[2mdist/[22m[36massets/vendor-pkg-cookie-l0sNRNKZ.js                         [39m[1m[2m  0.00 kB[22m[1m[22m[2m Ôöé gzip:   0.02 kB[22m
[2mdist/[22m[36massets/vendor-pkg-react-is-l0sNRNKZ.js                       [39m[1m[2m  0.00 kB[22m[1m[22m[2m Ôöé gzip:   0.02 kB[22m
[2mdist/[22m[36massets/vendor-pkg-set-cookie-parser-l0sNRNKZ.js              [39m[1m[2m  0.00 kB[22m[1m[22m[2m Ôöé gzip:   0.02 kB[22m
[2mdist/[22m[36massets/vendor-pkg-tiny-invariant-l0sNRNKZ.js                 [39m[1m[2m  0.00 kB[22m[1m[22m[2m Ôöé gzip:   0.02 kB[22m
[2mdist/[22m[36massets/vendor-pkg-redux-thunk-ClJT1hhx.js                    [39m[1m[2m  0.12 kB[22m[1m[22m[2m Ôöé gzip:   0.12 kB[22m
[2mdist/[22m[36massets/ReportesPage-B_lzBqOh.js                              [39m[1m[2m  0.27 kB[22m[1m[22m[2m Ôöé gzip:   0.23 kB[22m
[2mdist/[22m[36massets/vendor-pkg-clsx-B-dksMZM.js                           [39m[1m[2m  0.37 kB[22m[1m[22m[2m Ôöé gzip:   0.24 kB[22m
[2mdist/[22m[36massets/ReporteFinanzasPage-Cf0o4OyM.js                       [39m[1m[2m  0.41 kB[22m[1m[22m[2m Ôöé gzip:   0.29 kB[22m
[2mdist/[22m[36massets/ReportePacientesPage-BVEwhKf0.js                      [39m[1m[2m  0.41 kB[22m[1m[22m[2m Ôöé gzip:   0.29 kB[22m
[2mdist/[22m[36massets/vendor-pkg-performance-now-DzowmezO.js                [39m[1m[2m  0.57 kB[22m[1m[22m[2m Ôöé gzip:   0.28 kB[22m
[2mdist/[22m[36massets/Spinner-CASBTZ_Q.js                                   [39m[1m[2m  0.62 kB[22m[1m[22m[2m Ôöé gzip:   0.40 kB[22m
[2mdist/[22m[36massets/vendor-pkg-internmap-BkD7Hj8s.js                      [39m[1m[2m  0.64 kB[22m[1m[22m[2m Ôöé gzip:   0.31 kB[22m
[2mdist/[22m[36massets/profesionalDisplay-B9yEb26Y.js                        [39m[1m[2m  0.70 kB[22m[1m[22m[2m Ôöé gzip:   0.37 kB[22m
[2mdist/[22m[36massets/vendor-pkg-memoize-nH01qna5.js                        [39m[1m[2m  0.77 kB[22m[1m[22m[2m Ôöé gzip:   0.49 kB[22m
[2mdist/[22m[36massets/vendor-pkg-victory-vendor-B7QLima5.js                 [39m[1m[2m  0.82 kB[22m[1m[22m[2m Ôöé gzip:   0.43 kB[22m
[2mdist/[22m[36massets/ProtectedRoute-BccrPRk-.js                            [39m[1m[2m  0.93 kB[22m[1m[22m[2m Ôöé gzip:   0.52 kB[22m
[2mdist/[22m[36massets/vendor-pkg-mimic-function-BIlJVoeO.js                 [39m[1m[2m  1.06 kB[22m[1m[22m[2m Ôöé gzip:   0.49 kB[22m
[2mdist/[22m[36massets/vendor-pkg-raf-mv8l7hf_.js                            [39m[1m[2m  1.06 kB[22m[1m[22m[2m Ôöé gzip:   0.59 kB[22m
[2mdist/[22m[36massets/vendor-pkg-get-user-locale-CEDwfdvS.js                [39m[1m[2m  1.07 kB[22m[1m[22m[2m Ôöé gzip:   0.56 kB[22m
[2mdist/[22m[36massets/vendor-pkg-tslib-BAfkLSb9.js                          [39m[1m[2m  1.23 kB[22m[1m[22m[2m Ôöé gzip:   0.60 kB[22m
[2mdist/[22m[36massets/useDisponibilidadMedico-CfYO2GBV.js                   [39m[1m[2m  1.56 kB[22m[1m[22m[2m Ôöé gzip:   0.67 kB[22m
[2mdist/[22m[36massets/QuickAccessNav-DAgx58ai.js                            [39m[1m[2m  1.62 kB[22m[1m[22m[2m Ôöé gzip:   0.84 kB[22m
[2mdist/[22m[36massets/vendor-pkg-_wojtekmaj-date-utils-CaFejNaN.js          [39m[1m[2m  1.90 kB[22m[1m[22m[2m Ôöé gzip:   0.72 kB[22m
[2mdist/[22m[36massets/vendor-pkg-_microsoft-load-themed-styles-BIKlRrP9.js  [39m[1m[2m  1.95 kB[22m[1m[22m[2m Ôöé gzip:   0.98 kB[22m
[2mdist/[22m[36massets/vendor-pkg-react-redux-DhPlmXlu.js                    [39m[1m[2m  1.96 kB[22m[1m[22m[2m Ôöé gzip:   0.97 kB[22m
[2mdist/[22m[36massets/vendor-pkg-d3-path-CimkQT29.js                        [39m[1m[2m  2.03 kB[22m[1m[22m[2m Ôöé gzip:   0.91 kB[22m
[2mdist/[22m[36massets/vendor-pkg-_babel-runtime-CayUH5pS.js                 [39m[1m[2m  2.03 kB[22m[1m[22m[2m Ôöé gzip:   1.01 kB[22m
[2mdist/[22m[36massets/vendor-pkg-d3-interpolate-CcOahH2S.js                 [39m[1m[2m  2.57 kB[22m[1m[22m[2m Ôöé gzip:   1.21 kB[22m
[2mdist/[22m[36massets/vendor-pkg-reselect-Cg9BXdu5.js                       [39m[1m[2m  2.74 kB[22m[1m[22m[2m Ôöé gzip:   1.22 kB[22m
[2mdist/[22m[36massets/vendor-pkg-eventemitter3-BFZnKUGK.js                  [39m[1m[2m  2.89 kB[22m[1m[22m[2m Ôöé gzip:   1.13 kB[22m
[2mdist/[22m[36massets/vendor-pkg-redux-BXkGT1VS.js                          [39m[1m[2m  2.92 kB[22m[1m[22m[2m Ôöé gzip:   1.25 kB[22m
[2mdist/[22m[36massets/vendor-pkg-d3-array-g_qRI3rN.js                       [39m[1m[2m  3.36 kB[22m[1m[22m[2m Ôöé gzip:   1.46 kB[22m
[2mdist/[22m[36massets/vendor-pkg-use-sync-external-store-Q4w81c6M.js        [39m[1m[2m  3.48 kB[22m[1m[22m[2m Ôöé gzip:   1.28 kB[22m
[2mdist/[22m[36massets/HistorialReaperturasPage-H22ECfNL.js                  [39m[1m[2m  3.65 kB[22m[1m[22m[2m Ôöé gzip:   1.46 kB[22m
[2mdist/[22m[36massets/EgresosPage-Bd23Ey5K.js                               [39m[1m[2m  3.79 kB[22m[1m[22m[2m Ôöé gzip:   0.90 kB[22m
[2mdist/[22m[36massets/PacienteListSearch-C6betuqV.js                        [39m[1m[2m  3.91 kB[22m[1m[22m[2m Ôöé gzip:   1.52 kB[22m
[2mdist/[22m[36massets/vendor-pkg-scheduler-CoSDG3-6.js                      [39m[1m[2m  4.17 kB[22m[1m[22m[2m Ôöé gzip:   1.81 kB[22m
[2mdist/[22m[36massets/vendor-pkg-stackblur-canvas-CBjRDurV.js               [39m[1m[2m  4.46 kB[22m[1m[22m[2m Ôöé gzip:   1.95 kB[22m
[2mdist/[22m[36massets/vendor-pkg-d3-time-KB_fDo5k.js                        [39m[1m[2m  4.66 kB[22m[1m[22m[2m Ôöé gzip:   1.66 kB[22m
[2mdist/[22m[36massets/vendor-pkg-d3-format-CzD4bSOQ.js                      [39m[1m[2m  4.79 kB[22m[1m[22m[2m Ôöé gzip:   2.19 kB[22m
[2mdist/[22m[36massets/vendor-pkg-rgbcolor-CLtyRG98.js                       [39m[1m[2m  5.11 kB[22m[1m[22m[2m Ôöé gzip:   2.31 kB[22m
[2mdist/[22m[36massets/vendor-pkg-iobuffer-BmLRrqXH.js                       [39m[1m[2m  5.66 kB[22m[1m[22m[2m Ôöé gzip:   1.39 kB[22m
[2mdist/[22m[36massets/vendor-pkg-fflate-B2WnmEVw.js                         [39m[1m[2m  6.41 kB[22m[1m[22m[2m Ôöé gzip:   3.28 kB[22m
[2mdist/[22m[36massets/vendor-pkg-d3-color-9lF95FHy.js                       [39m[1m[2m  7.13 kB[22m[1m[22m[2m Ôöé gzip:   3.02 kB[22m
[2mdist/[22m[36massets/Dashboard-fQz3Muzw.js                                 [39m[1m[2m  7.40 kB[22m[1m[22m[2m Ôöé gzip:   2.37 kB[22m
[2mdist/[22m[36massets/DescuentosPage-C_dBpwcc.js                            [39m[1m[2m  7.47 kB[22m[1m[22m[2m Ôöé gzip:   2.29 kB[22m
[2mdist/[22m[36massets/vendor-pkg-immer-BMKhI-vg.js                          [39m[1m[2m  8.20 kB[22m[1m[22m[2m Ôöé gzip:   3.19 kB[22m
[2mdist/[22m[36massets/WebOfertasCrudPage-DrCWF216.js                        [39m[1m[2m  8.70 kB[22m[1m[22m[2m Ôöé gzip:   2.70 kB[22m
[2mdist/[22m[36massets/SolicitudImagenPage-CVzxac3w.js                       [39m[1m[2m  8.75 kB[22m[1m[22m[2m Ôöé gzip:   3.08 kB[22m
[2mdist/[22m[36massets/WebServiciosCrudPage-6_85GZlK.js                      [39m[1m[2m  8.85 kB[22m[1m[22m[2m Ôöé gzip:   2.68 kB[22m
[2mdist/[22m[36massets/vendor-pkg-d3-time-format-54VONggS.js                 [39m[1m[2m  9.03 kB[22m[1m[22m[2m Ôöé gzip:   2.85 kB[22m
[2mdist/[22m[36massets/RecepcionModulo-BJh4kWCZ.js                           [39m[1m[2m  9.41 kB[22m[1m[22m[2m Ôöé gzip:   2.96 kB[22m
[2mdist/[22m[36massets/Login-DbhVtGTD.js                                     [39m[1m[2m  9.50 kB[22m[1m[22m[2m Ôöé gzip:   3.23 kB[22m
[2mdist/[22m[36massets/MiFirmaProfesionalPage-pPEh-v4l.js                    [39m[1m[2m 10.06 kB[22m[1m[22m[2m Ôöé gzip:   2.94 kB[22m
[2mdist/[22m[36massets/FarmaciaVentasPage-Qu-7PeKe.js                        [39m[1m[2m 10.30 kB[22m[1m[22m[2m Ôöé gzip:   2.99 kB[22m
[2mdist/[22m[36massets/vendor-pkg-react-to-print-D4LSf3KB.js                 [39m[1m[2m 10.34 kB[22m[1m[22m[2m Ôöé gzip:   4.16 kB[22m
[2mdist/[22m[36massets/LaboratorioCompararResultadosPage-BEKt8jIP.js         [39m[1m[2m 11.08 kB[22m[1m[22m[2m Ôöé gzip:   3.34 kB[22m
[2mdist/[22m[36massets/SeleccionarServicioPage-e4O_YcwK.js                   [39m[1m[2m 11.21 kB[22m[1m[22m[2m Ôöé gzip:   3.21 kB[22m
[2mdist/[22m[36massets/vendor-pkg-_reduxjs-toolkit-BhIoB85Q.js               [39m[1m[2m 11.21 kB[22m[1m[22m[2m Ôöé gzip:   4.78 kB[22m
[2mdist/[22m[36massets/ListaConsultasPage-DGTUBDB-.js                        [39m[1m[2m 11.23 kB[22m[1m[22m[2m Ôöé gzip:   3.29 kB[22m
[2mdist/[22m[36massets/ReabrirCajaPage-B-l--193.js                           [39m[1m[2m 11.26 kB[22m[1m[22m[2m Ôöé gzip:   3.12 kB[22m
[2mdist/[22m[36massets/CobrarCotizacionPage-D-MYHBcS.js                      [39m[1m[2m 11.42 kB[22m[1m[22m[2m Ôöé gzip:   3.90 kB[22m
[2mdist/[22m[36massets/LiquidacionHonorariosPage-BaUQ4w4D.js                 [39m[1m[2m 11.55 kB[22m[1m[22m[2m Ôöé gzip:   2.77 kB[22m
[2mdist/[22m[36massets/SolicitudLaboratorioPage-DIXs8AjB.js                  [39m[1m[2m 12.58 kB[22m[1m[22m[2m Ôöé gzip:   4.32 kB[22m
[2mdist/[22m[36massets/AuditoriaEliminacionesPage-CD73IBVT.js                [39m[1m[2m 12.66 kB[22m[1m[22m[2m Ôöé gzip:   3.50 kB[22m
[2mdist/[22m[36massets/vendor-pkg-fast-png-CLSZIVag.js                       [39m[1m[2m 12.75 kB[22m[1m[22m[2m Ôöé gzip:   4.07 kB[22m
[2mdist/[22m[36massets/vendor-pkg-decimal_js-light-DQE-3iDJ.js               [39m[1m[2m 12.78 kB[22m[1m[22m[2m Ôöé gzip:   5.48 kB[22m
[2mdist/[22m[36massets/InventarioLaboratorioPage-i-VhAnS4.js                 [39m[1m[2m 12.97 kB[22m[1m[22m[2m Ôöé gzip:   3.25 kB[22m
[2mdist/[22m[36massets/LiquidacionLaboratorioReferenciaPage-BujO4VFc.js      [39m[1m[2m 13.19 kB[22m[1m[22m[2m Ôöé gzip:   3.09 kB[22m
[2mdist/[22m[36massets/ResultadosLaboratorioPage-DKM_-a8t.js                 [39m[1m[2m 13.62 kB[22m[1m[22m[2m Ôöé gzip:   4.48 kB[22m
[2mdist/[22m[36massets/RegistrarEgresoPage-D1s_enaL.js                       [39m[1m[2m 13.63 kB[22m[1m[22m[2m Ôöé gzip:   3.34 kB[22m
[2mdist/[22m[36massets/PanelMedicoPage-BflB5Qwx.js                           [39m[1m[2m 13.85 kB[22m[1m[22m[2m Ôöé gzip:   4.28 kB[22m
[2mdist/[22m[36massets/vendor-pkg-d3-shape-C2a76WGS.js                       [39m[1m[2m 13.89 kB[22m[1m[22m[2m Ôöé gzip:   3.88 kB[22m
[2mdist/[22m[36massets/WebBannersCrudPage-xHXbpYAy.js                        [39m[1m[2m 14.24 kB[22m[1m[22m[2m Ôöé gzip:   3.53 kB[22m
[2mdist/[22m[36massets/PacienteListForm-CB88mSxw.js                          [39m[1m[2m 14.87 kB[22m[1m[22m[2m Ôöé gzip:   3.94 kB[22m
[2mdist/[22m[36massets/InventarioGeneralPage-DfkOBotW.js                     [39m[1m[2m 15.06 kB[22m[1m[22m[2m Ôöé gzip:   3.37 kB[22m
[2mdist/[22m[36massets/vendor-pkg-d3-scale-DNaNPrVO.js                       [39m[1m[2m 15.08 kB[22m[1m[22m[2m Ôöé gzip:   4.94 kB[22m
[2mdist/[22m[36massets/TemaPage-DOyBAW7G.js                                  [39m[1m[2m 15.31 kB[22m[1m[22m[2m Ôöé gzip:   3.76 kB[22m
[2mdist/[22m[36massets/CotizarPaquetesPerfilesPage-NpFP4NM2.js               [39m[1m[2m 15.77 kB[22m[1m[22m[2m Ôöé gzip:   5.13 kB[22m
[2mdist/[22m[36massets/OrdenesImagenPacientePage-CGGWcidF.js                 [39m[1m[2m 15.88 kB[22m[1m[22m[2m Ôöé gzip:   5.04 kB[22m
[2mdist/[22m[36massets/VisorImagenPage-Du-83Vm-.js                           [39m[1m[2m 16.38 kB[22m[1m[22m[2m Ôöé gzip:   5.34 kB[22m
[2mdist/[22m[36massets/CobroModuloFinal-BPuCImYn.js                          [39m[1m[2m 17.60 kB[22m[1m[22m[2m Ôöé gzip:   5.88 kB[22m
[2mdist/[22m[36massets/CotizarProcedimientosPage-7uzZ-MC2.js                 [39m[1m[2m 17.84 kB[22m[1m[22m[2m Ôöé gzip:   5.58 kB[22m
[2mdist/[22m[36massets/CotizarRayosXPage-CCPxt2V0.js                         [39m[1m[2m 18.48 kB[22m[1m[22m[2m Ôöé gzip:   5.85 kB[22m
[2mdist/[22m[36massets/CotizarOperacionPage-BjZT8rGx.js                      [39m[1m[2m 18.70 kB[22m[1m[22m[2m Ôöé gzip:   5.84 kB[22m
[2mdist/[22m[36massets/vendor-pkg-svg-pathdata-DmAmzc8P.js                   [39m[1m[2m 18.91 kB[22m[1m[22m[2m Ôöé gzip:   6.33 kB[22m
[2mdist/[22m[36massets/CotizacionesPage-Ln7SgnSR.js                          [39m[1m[2m 19.22 kB[22m[1m[22m[2m Ôöé gzip:   5.94 kB[22m
[2mdist/[22m[36massets/ConsumoPacientePage-CJYodrtm.js                       [39m[1m[2m 19.38 kB[22m[1m[22m[2m Ôöé gzip:   5.83 kB[22m
[2mdist/[22m[36massets/DetalleCotizacionPage-J5R0dZ0K.js                     [39m[1m[2m 19.79 kB[22m[1m[22m[2m Ôöé gzip:   6.08 kB[22m
[2mdist/[22m[36massets/DashboardEstadisticasAdmin-C57rcw23.js                [39m[1m[2m 19.99 kB[22m[1m[22m[2m Ôöé gzip:   5.99 kB[22m
[2mdist/[22m[36massets/CotizarEcografiaPage-DEs0UqeT.js                      [39m[1m[2m 21.10 kB[22m[1m[22m[2m Ôöé gzip:   6.70 kB[22m
[2mdist/[22m[36massets/CerrarCajaView-04TmFhZP.js                            [39m[1m[2m 21.31 kB[22m[1m[22m[2m Ôöé gzip:   6.04 kB[22m
[2mdist/[22m[36massets/ContabilidadPage-B5a8xjLq.js                          [39m[1m[2m 21.49 kB[22m[1m[22m[2m Ôöé gzip:   4.70 kB[22m
[2mdist/[22m[36massets/vendor-pkg-es-toolkit-S3E1XyWF.js                     [39m[1m[2m 21.52 kB[22m[1m[22m[2m Ôöé gzip:   6.54 kB[22m
[2mdist/[22m[36massets/vendor-pkg-pako-n3Pgozwg.js                           [39m[1m[2m 21.62 kB[22m[1m[22m[2m Ôöé gzip:   7.66 kB[22m
[2mdist/[22m[36massets/vendor-pkg-dompurify-CQJ0hv7W.js                      [39m[1m[2m 21.82 kB[22m[1m[22m[2m Ôöé gzip:   8.58 kB[22m
[2mdist/[22m[36massets/PaquetesPerfilesPage-B4TifzWq.js                      [39m[1m[2m 22.22 kB[22m[1m[22m[2m Ôöé gzip:   5.19 kB[22m
[2mdist/[22m[36massets/RecordatoriosCitasPage-ClWpm6bF.js                    [39m[1m[2m 23.06 kB[22m[1m[22m[2m Ôöé gzip:   5.97 kB[22m
[2mdist/[22m[36massets/PacientesPage-ChbGKjnu.js                             [39m[1m[2m 23.52 kB[22m[1m[22m[2m Ôöé gzip:   6.58 kB[22m
[2mdist/[22m[36massets/EstadoCuentaContratoPage-BnmJoHlT.js                  [39m[1m[2m 23.57 kB[22m[1m[22m[2m Ôöé gzip:   6.48 kB[22m
[2mdist/[22m[36massets/GestionTarifasPage-kq82BNFN.js                        [39m[1m[2m 24.94 kB[22m[1m[22m[2m Ôöé gzip:   6.03 kB[22m
[2mdist/[22m[36massets/UsuariosPage-DTKkJIGf.js                              [39m[1m[2m 25.46 kB[22m[1m[22m[2m Ôöé gzip:   6.90 kB[22m
[2mdist/[22m[36massets/DocumentosPacientePage-Fho1JsJb.js                    [39m[1m[2m 25.73 kB[22m[1m[22m[2m Ôöé gzip:   7.68 kB[22m
[2mdist/[22m[36massets/ConfiguracionPage-D1kJa4pu.js                         [39m[1m[2m 28.83 kB[22m[1m[22m[2m Ôöé gzip:   6.83 kB[22m
[2mdist/[22m[36massets/FarmaciaCotizadorPage-Cz8RvbaC.js                     [39m[1m[2m 30.55 kB[22m[1m[22m[2m Ôöé gzip:   9.35 kB[22m
[2mdist/[22m[36massets/vendor-pkg-react-calendar-CaqPUxCR.js                 [39m[1m[2m 31.09 kB[22m[1m[22m[2m Ôöé gzip:   8.27 kB[22m
[2mdist/[22m[36massets/vendor-dicom-DYOJ4YRd.js                              [39m[1m[2m 31.15 kB[22m[1m[22m[2m Ôöé gzip:   7.46 kB[22m
[2mdist/[22m[36massets/PlantillasHCPage-0RtzLyGh.js                          [39m[1m[2m 32.68 kB[22m[1m[22m[2m Ôöé gzip:   8.59 kB[22m
[2mdist/[22m[36massets/vendor-pkg-react-router-nHW4BzwA.js                   [39m[1m[2m 33.27 kB[22m[1m[22m[2m Ôöé gzip:  12.32 kB[22m
[2mdist/[22m[36massets/ContratosPage-Bkwssf9W.js                             [39m[1m[2m 33.36 kB[22m[1m[22m[2m Ôöé gzip:   7.52 kB[22m
[2mdist/[22m[36massets/MedicoConsultasPage-B97SgYB_.js                       [39m[1m[2m 33.39 kB[22m[1m[22m[2m Ôöé gzip:   6.88 kB[22m
[2mdist/[22m[36massets/CotizarLaboratorioPage-DuvQo8wH.js                    [39m[1m[2m 33.59 kB[22m[1m[22m[2m Ôöé gzip:   9.81 kB[22m
[2mdist/[22m[36massets/vendor-pkg-axios-ngrFHoWO.js                          [39m[1m[2m 36.01 kB[22m[1m[22m[2m Ôöé gzip:  14.56 kB[22m
[2mdist/[22m[36massets/MedicamentosList-Do0pd0Wd.js                          [39m[1m[2m 39.33 kB[22m[1m[22m[2m Ôöé gzip:   9.18 kB[22m
[2mdist/[22m[36massets/AgendarConsultaPage-xUUqeI1E.js                       [39m[1m[2m 40.16 kB[22m[1m[22m[2m Ôöé gzip:  12.02 kB[22m
[2mdist/[22m[36massets/vendor-pkg-core-js-e4Ov3ua1.js                        [39m[1m[2m 46.47 kB[22m[1m[22m[2m Ôöé gzip:  18.73 kB[22m
[2mdist/[22m[36massets/examenes-laboratorio-crud-CgN1lepu.js                 [39m[1m[2m 47.27 kB[22m[1m[22m[2m Ôöé gzip:  11.31 kB[22m
[2mdist/[22m[36massets/LaboratorioPanelPage-CICZ6pNL.js                      [39m[1m[2m 54.75 kB[22m[1m[22m[2m Ôöé gzip:  13.28 kB[22m
[2mdist/[22m[36massets/EnfermeroPanelPage-DbUUX3zL.js                        [39m[1m[2m 64.56 kB[22m[1m[22m[2m Ôöé gzip:  14.20 kB[22m
[2mdist/[22m[36massets/MedicosPage-BuZs91mN.js                               [39m[1m[2m 74.89 kB[22m[1m[22m[2m Ôöé gzip:  15.97 kB[22m
[2mdist/[22m[36massets/vendor-alerts-BNSx6I1T.js                             [39m[1m[2m 80.08 kB[22m[1m[22m[2m Ôöé gzip:  21.37 kB[22m
[2mdist/[22m[36massets/vendor-pkg-canvg-QnrklB-A.js                          [39m[1m[2m 82.17 kB[22m[1m[22m[2m Ôöé gzip:  23.86 kB[22m
[2mdist/[22m[36massets/index-CuCwEVQJ.js                                     [39m[1m[2m108.93 kB[22m[1m[22m[2m Ôöé gzip:  27.28 kB[22m
[2mdist/[22m[36massets/vendor-ui-B6iTw-L3.js                                 [39m[1m[2m114.05 kB[22m[1m[22m[2m Ôöé gzip:  40.07 kB[22m
[2mdist/[22m[36massets/vendor-react-BF86aG3W.js                              [39m[1m[2m139.03 kB[22m[1m[22m[2m Ôöé gzip:  44.50 kB[22m
[2mdist/[22m[36massets/HistoriaClinicaPage-DAFQui6u.js                       [39m[1m[2m139.45 kB[22m[1m[22m[2m Ôöé gzip:  31.89 kB[22m
[2mdist/[22m[36massets/vendor-pkg-html2canvas-B0tyYwQk.js                    [39m[1m[2m202.36 kB[22m[1m[22m[2m Ôöé gzip:  48.04 kB[22m
[2mdist/[22m[36massets/vendor-recharts-Cnj1CvMI.js                           [39m[1m[2m208.93 kB[22m[1m[22m[2m Ôöé gzip:  54.28 kB[22m
[2mdist/[22m[36massets/vendor-jspdf-BNhcU-Yz.js                              [39m[1m[2m371.20 kB[22m[1m[22m[2m Ôöé gzip: 120.88 kB[22m
[2mdist/[22m[36massets/vendor-xlsx-CntIW0BP.js                               [39m[1m[2m432.60 kB[22m[1m[22m[2m Ôöé gzip: 144.52 kB[22m
[32mÔ£ô built in 14.39s[39m

> policlinico-2demayo@0.0.0 build:public
> vite build --config vite.public.config.js

[36mvite v7.1.5 [32mbuilding for production...[36m[39m
transforming...
[32mÔ£ô[39m 58 modules transformed.
rendering chunks...
computing gzip size...
[2m../dist-public/[22m[32mindex.html                 [39m[1m[2m  0.57 kB[22m[1m[22m[2m Ôöé gzip:  0.36 kB[22m
[2m../dist-public/[22m[35massets/index-CfCcP-ZV.css  [39m[1m[2m138.18 kB[22m[1m[22m[2m Ôöé gzip: 19.56 kB[22m
[2m../dist-public/[22m[36massets/index-BzoYV2w6.js   [39m[1m[2m269.94 kB[22m[1m[22m[2m Ôöé gzip: 82.02 kB[22m
[32mÔ£ô built in 2.92s[39m
